rm -f /module/data/examples/ddnd-final-11174/gap8_app/BUILD/GAP8_V2/GCC_RISCV/flash.img
riscv32-unknown-elf-gcc -Iinc -I../runtime -O2 -fno-indirect-inlining -DNUM_CORES=8 -DFS_READ_FS -DDDND_GAP8 -DDDND_TILED -DCONFIG_AI_DECK -DRT_FC_STACK_SIZE=2048 -D__PLATFORM_BOARD__ -D__RT_IODEV__=2 -fno-jump-tables -fno-tree-loop-distribute-patterns -fdata-sections -ffunction-sections -mchip=gap8 -mPE=8 -mFC=1 -D__riscv__ -D__GAP__ -D__GAP8__ -DCHIP_VERSION=2 -mnativeomp -D__pulp__ -DCONFIG_GAP -D__PULP_OS__ -MMD -MP -c src/main.c  -I/gap_sdk/install/GAP8_V2/include  -I/gap_sdk/install/GAP8_V2/include/io  -I/gap_sdk/install/workstation/include  -I/gap_sdk/tools/autotiler_v3/Emulation  -include /gap_sdk/install/GAP8_V2/include/rt/chips/gap_rev1/config.h -MD -MF /module/data/examples/ddnd-final-11174/gap8_app/BUILD/GAP8_V2/GCC_RISCV/src/main.d -o /module/data/examples/ddnd-final-11174/gap8_app/BUILD/GAP8_V2/GCC_RISCV/src/main.o
riscv32-unknown-elf-gcc -Iinc -I../runtime -O2 -fno-indirect-inlining -DNUM_CORES=8 -DFS_READ_FS -DDDND_GAP8 -DDDND_TILED -DCONFIG_AI_DECK -DRT_FC_STACK_SIZE=2048 -D__PLATFORM_BOARD__ -D__RT_IODEV__=2 -fno-jump-tables -fno-tree-loop-distribute-patterns -fdata-sections -ffunction-sections -mchip=gap8 -mPE=8 -mFC=1 -D__riscv__ -D__GAP__ -D__GAP8__ -DCHIP_VERSION=2 -mnativeomp -D__pulp__ -DCONFIG_GAP -D__PULP_OS__ -MMD -MP -c ../runtime/ddnd_runtime.c  -I/gap_sdk/install/GAP8_V2/include  -I/gap_sdk/install/GAP8_V2/include/io  -I/gap_sdk/install/workstation/include  -I/gap_sdk/tools/autotiler_v3/Emulation  -include /gap_sdk/install/GAP8_V2/include/rt/chips/gap_rev1/config.h -MD -MF /module/data/examples/ddnd-final-11174/gap8_app/BUILD/GAP8_V2/GCC_RISCV/../runtime/ddnd_runtime.d -o /module/data/examples/ddnd-final-11174/gap8_app/BUILD/GAP8_V2/GCC_RISCV/../runtime/ddnd_runtime.o
riscv32-unknown-elf-gcc -Iinc -I../runtime -O2 -fno-indirect-inlining -DNUM_CORES=8 -DFS_READ_FS -DDDND_GAP8 -DDDND_TILED -DCONFIG_AI_DECK -DRT_FC_STACK_SIZE=2048 -D__PLATFORM_BOARD__ -D__RT_IODEV__=2 -fno-jump-tables -fno-tree-loop-distribute-patterns -fdata-sections -ffunction-sections -mchip=gap8 -mPE=8 -mFC=1 -D__riscv__ -D__GAP__ -D__GAP8__ -DCHIP_VERSION=2 -mnativeomp -D__pulp__ -DCONFIG_GAP -D__PULP_OS__ -MMD -MP -c /gap_sdk/rtos/pulp/pulp-os/kernel/conf.c  -I/gap_sdk/install/GAP8_V2/include  -I/gap_sdk/install/GAP8_V2/include/io  -I/gap_sdk/install/workstation/include  -I/gap_sdk/tools/autotiler_v3/Emulation  -include /gap_sdk/install/GAP8_V2/include/rt/chips/gap_rev1/config.h -MD -MF /module/data/examples/ddnd-final-11174/gap8_app/BUILD/GAP8_V2/GCC_RISCV/pulp-os/conf.d -o /module/data/examples/ddnd-final-11174/gap8_app/BUILD/GAP8_V2/GCC_RISCV/pulp-os/conf.o
riscv32-unknown-elf-gcc -march=rv32imcxgap8 -mPE=8 -mFC=1 -MMD -MP -Wl,--gc-sections   -I/gap_sdk/install/GAP8_V2/include  -I/gap_sdk/install/GAP8_V2/include/io  -I/gap_sdk/install/workstation/include  -I/gap_sdk/tools/autotiler_v3/Emulation  -include /gap_sdk/install/GAP8_V2/include/rt/chips/gap_rev1/config.h -o /module/data/examples/ddnd-final-11174/gap8_app/BUILD/GAP8_V2/GCC_RISCV/ddnd  /module/data/examples/ddnd-final-11174/gap8_app/BUILD/GAP8_V2/GCC_RISCV/src/main.o  /module/data/examples/ddnd-final-11174/gap8_app/BUILD/GAP8_V2/GCC_RISCV/../runtime/ddnd_runtime.o /module/data/examples/ddnd-final-11174/gap8_app/BUILD/GAP8_V2/GCC_RISCV/pulp-os/conf.o -lm -Wl,--print-memory-usage  -L/gap_sdk/install/GAP8_V2/lib/gap/ai_deck -lpibsp -L/gap_sdk/install/GAP8_V2/lib/gap -lrt -lrtio -lrt -lgcc -T/gap_sdk/install/workstation/ld/link.gap8_rev1.ld -T/gap_sdk/install/workstation/ld/gapuino.conf.ld  -nostartfiles -nostdlib -include /gap_sdk/install/GAP8_V2/include/rt/chips/gap_rev1/config.h
Memory region         Used Size  Region Size  %age Used
              L2:       41832 B       512 KB      7.98%
         fc_tcdm:        5068 B      16380 B     30.94%
 fc_tcdm_aliased:         912 B      16380 B      5.57%
              L1:          28 B      65532 B      0.04%
      L1_aliased:          24 B      65532 B      0.04%
riscv32-unknown-elf-objdump -d -h -S -t -w --show-raw-insn /module/data/examples/ddnd-final-11174/gap8_app/BUILD/GAP8_V2/GCC_RISCV/ddnd > /module/data/examples/ddnd-final-11174/gap8_app/BUILD/GAP8_V2/GCC_RISCV/ddnd.s
riscv32-unknown-elf-size -B -x --common /module/data/examples/ddnd-final-11174/gap8_app/BUILD/GAP8_V2/GCC_RISCV/ddnd > /module/data/examples/ddnd-final-11174/gap8_app/BUILD/GAP8_V2/GCC_RISCV/ddnd.size
riscv32-unknown-elf-nm -a -A -l -S --size-sort --special-syms /module/data/examples/ddnd-final-11174/gap8_app/BUILD/GAP8_V2/GCC_RISCV/ddnd >> /module/data/examples/ddnd-final-11174/gap8_app/BUILD/GAP8_V2/GCC_RISCV/ddnd.size
gapy --target=ai_deck --platform=board --work-dir=/module/data/examples/ddnd-final-11174/gap8_app/BUILD/GAP8_V2/GCC_RISCV  --config-opt=flash/content/partitions/readfs/files=hex/golden_corners.bin  --config-opt=flash/content/partitions/readfs/files=hex/golden_depth_logits.bin  --config-opt=flash/content/partitions/readfs/files=hex/golden_gate_corners.bin  --config-opt=flash/content/partitions/readfs/files=hex/golden_gate_depth_logits.bin  --config-opt=flash/content/partitions/readfs/files=hex/golden_gate_visibility.bin  --config-opt=flash/content/partitions/readfs/files=hex/golden_visibility.bin  --config-opt=flash/content/partitions/readfs/files=hex/input.bin  --config-opt=flash/content/partitions/readfs/files=hex/input_gate.bin  --config-opt=flash/content/partitions/readfs/files=hex/weights.bin   run --exec-prepare --exec --binary=/module/data/examples/ddnd-final-11174/gap8_app/BUILD/GAP8_V2/GCC_RISCV/ddnd 
Launching execution with command:
gap8-openocd -c 'gdb_port disabled; telnet_port disabled; tcl_port disabled' -f interface/ftdi/olimex-arm-usb-tiny-h.cfg -f target/gap8revb.tcl -f tcl/jtag_boot_entry.tcl -c 'gap8_jtag_load_binary_and_start "/module/data/examples/ddnd-final-11174/gap8_app/BUILD/GAP8_V2/GCC_RISCV/ddnd" elf 0x1c000080'
Open On-Chip Debugger 0.10.0+dev-dirty (2024-09-16-16:56)
Licensed under GNU GPL v2
For bug reports, read
	http://openocd.org/doc/doxygen/bugs.html
DEPRECATED! use 'adapter speed' not 'adapter_khz'
DEPRECATED! use 'adapter driver' not 'interface'
Warn : Interface already configured, ignoring
TARGET create
GAP8 INIT TARGET
Info : core 0 selected
0
Info : gap8_adv_debug_itf tap selected
Info : adv_dbg_unit debug unit selected
Info : Option 7 is passed to adv_dbg_unit debug unit
Info : clock speed 1500 kHz
Info : JTAG tap: gap8.cpu tap/device found: 0x149511c3 (mfg: 0x0e1 (Wintec Industries), part: 0x4951, ver: 0x1)
GAP8 examine target
Init jtag
Initialising GAP8 JTAG TAP
Info : adv debug unit is configured with option BOOT MODE JTAG
Info : adv debug unit is configured with option ADBG_USE_HISPEED
Info : gdb port disabled
Loading binary through JTAG
Info : tcl server disabled
Info : telnet server disabled
Warn : Burst read timed out
DDND_START
Warn : Burst read timed out
DDND memory arena=348160 payload=46720
DDND graph_us=1465668 fixture=0
DDND output=golden_depth_logits.bin bytes=20480 mismatch=0 maxerr=0
DDND output=golden_corners.bin bytes=960 mismatch=0 maxerr=0
DDND output=golden_visibility.bin bytes=4 mismatch=0 maxerr=0
DDND graph_us=1466461 fixture=1
DDND output=golden_gate_depth_logits.bin bytes=20480 mismatch=0 maxerr=0
DDND output=golden_gate_corners.bin bytes=960 mismatch=0 maxerr=0
DDND output=golden_gate_visibility.bin bytes=4 mismatch=0 maxerr=0
DDND FULL_VECTOR_PASS
